Task 2: Trying TinyConv...
Task 3: Trying TinyConv...
Task 4: Trying TinyConv...
Task 5: Trying TinyConv...
Task 7: Trying TinyConv...
Task 8: Trying TinyConv...
Task 9: Trying TinyConv...
Task 10: Trying TinyConv...
Task 11: Trying TinyConv...
Task 12: Trying TinyConv...
Task 13: Trying TinyConv...
Task 14: Trying TinyConv...
Task 17: Trying TinyConv...
Task 18: Trying TinyConv...
Task 19: Trying TinyConv...
Task 20: Trying TinyConv...
Task 21: Trying TinyConv...
Task 22: Trying TinyConv...
Task 23: Trying TinyConv...
Task 24: Trying TinyConv...
Task 25: Trying TinyConv...
Task 26: Trying TinyConv...
Task 27: Trying TinyConv...
Task 28: Trying TinyConv...
Task 29: Trying TinyConv...
Task 30: Trying TinyConv...
Task 31: Trying TinyConv...
Task 32: Trying TinyConv...
Task 33: Trying TinyConv...
Task 34: Trying TinyConv...
Task 35: Trying TinyConv...
Task 36: Trying TinyConv...
Task 37: Trying TinyConv...
Task 38: Trying TinyConv...
Task 39: Trying TinyConv...
Task 40: Trying TinyConv...
Task 41: Trying TinyConv...
Task 42: Trying TinyConv...
Task 43: Trying TinyConv...
Task 44: Trying TinyConv...
Task 45: Trying TinyConv...
Task 46: Trying TinyConv...
Task 47: Trying TinyConv...
Task 48: Trying TinyConv...
Task 49: Trying TinyConv...
Task 50: Trying TinyConv...
Task 51: Trying TinyConv...
Task 52: Trying TinyConv...
Task 54: Trying TinyConv...
Task 55: Trying TinyConv...
Task 56: Trying TinyConv...
Task 57: Trying TinyConv...
Task 58: Trying TinyConv...
Task 59: Trying TinyConv...
Task 60: Trying TinyConv...
Task 61: Trying TinyConv...
Task 62: Trying TinyConv...
Task 63: Trying TinyConv...
Task 64: Trying TinyConv...
Task 65: Trying TinyConv...
Task 66: Trying TinyConv...
Task 67: Trying TinyConv...
Task 68: Trying TinyConv...
Task 69: Trying TinyConv...
Task 70: Trying TinyConv...
Task 71: Trying TinyConv...
Task 72: Trying TinyConv...
Task 74: Trying TinyConv...
Task 75: Trying TinyConv...
Task 76: Trying TinyConv...
Task 77: Trying TinyConv...
Task 78: Trying TinyConv...
Task 79: Trying TinyConv...
Task 80: Trying TinyConv...
Task 81: Trying TinyConv...
Task 82: Trying TinyConv...
Task 83: Trying TinyConv...
Task 84: Trying TinyConv...
Task 85: Trying TinyConv...
Task 86: Trying TinyConv...
Task 88: Trying TinyConv...
Task 89: Trying TinyConv...
Task 90: Trying TinyConv...
Task 91: Trying TinyConv...
Task 92: Trying TinyConv...
Task 93: Trying TinyConv...
Task 94: Trying TinyConv...
Task 95: Trying TinyConv...
W0621 19:09:39.687000 850770 site-packages/torch/onnx/_internal/exporter/_compat.py:133] Setting ONNX exporter to use operator set version 18 because the requested opset_version 10 is a lower version than we have implementations for. Automatic version conversion will be performed, which may not be successful at converting to the requested version. If version conversion is unsuccessful, the opset version of the exported model will be kept at 18. Please consider setting opset_version >=18 to leverage latest ONNX features
[torch.onnx] Obtain model graph for `TinyConv([...]` with `torch.export.export(..., strict=False)`...
[torch.onnx] Obtain model graph for `TinyConv([...]` with `torch.export.export(..., strict=False)`... ✅
[torch.onnx] Run decompositions...
/home/jules/.pyenv/versions/3.12.13/lib/python3.12/copyreg.py:99: FutureWarning: `isinstance(treespec, LeafSpec)` is deprecated, use `isinstance(treespec, TreeSpec) and treespec.is_leaf()` instead.
  return cls.__new__(cls, *args)
[torch.onnx] Run decompositions... ✅
[torch.onnx] Translate the graph into ONNX...
[torch.onnx] Translate the graph into ONNX... ✅
The model version conversion is not supported by the onnxscript version converter and fallback is enabled. The model will be converted using the onnx C API (target version: 10).
[torch.onnx] Optimize the ONNX graph...
[torch.onnx] Optimize the ONNX graph... ✅
Model exported to submission/task095.onnx (opset 10 with shape info)
Task 95 SOLVED with TinyConv 3x3
Task 96: Trying TinyConv...
Task 97: Trying TinyConv...
Task 98: Trying TinyConv...
Task 99: Trying TinyConv...
Task 100: Trying TinyConv...
Task 101: Trying TinyConv...
Task 102: Trying TinyConv...
Task 103: Trying TinyConv...
Task 104: Trying TinyConv...
Task 105: Trying TinyConv...
Task 106: Trying TinyConv...
Task 107: Trying TinyConv...
Task 108: Trying TinyConv...
Task 109: Trying TinyConv...
Task 110: Trying TinyConv...
Task 111: Trying TinyConv...
Task 112: Trying TinyConv...
Task 113: Trying TinyConv...
Task 114: Trying TinyConv...
Task 115: Trying TinyConv...
Task 116: Trying TinyConv...
Task 117: Trying TinyConv...
Task 118: Trying TinyConv...
Task 119: Trying TinyConv...
Task 120: Trying TinyConv...
Task 121: Trying TinyConv...
Task 122: Trying TinyConv...
Task 123: Trying TinyConv...
Task 124: Trying TinyConv...
Task 125: Trying TinyConv...
Task 126: Trying TinyConv...
Task 127: Trying TinyConv...
W0621 19:10:08.277000 850770 site-packages/torch/onnx/_internal/exporter/_compat.py:133] Setting ONNX exporter to use operator set version 18 because the requested opset_version 10 is a lower version than we have implementations for. Automatic version conversion will be performed, which may not be successful at converting to the requested version. If version conversion is unsuccessful, the opset version of the exported model will be kept at 18. Please consider setting opset_version >=18 to leverage latest ONNX features
[torch.onnx] Obtain model graph for `TinyConv([...]` with `torch.export.export(..., strict=False)`...
[torch.onnx] Obtain model graph for `TinyConv([...]` with `torch.export.export(..., strict=False)`... ✅
[torch.onnx] Run decompositions...
/home/jules/.pyenv/versions/3.12.13/lib/python3.12/copyreg.py:99: FutureWarning: `isinstance(treespec, LeafSpec)` is deprecated, use `isinstance(treespec, TreeSpec) and treespec.is_leaf()` instead.
  return cls.__new__(cls, *args)
[torch.onnx] Run decompositions... ✅
[torch.onnx] Translate the graph into ONNX...
[torch.onnx] Translate the graph into ONNX... ✅
The model version conversion is not supported by the onnxscript version converter and fallback is enabled. The model will be converted using the onnx C API (target version: 10).
[torch.onnx] Optimize the ONNX graph...
[torch.onnx] Optimize the ONNX graph... ✅
Model exported to submission/task127.onnx (opset 10 with shape info)
Task 127 SOLVED with TinyConv 3x3
Task 128: Trying TinyConv...
Task 129: Trying TinyConv...
Task 130: Trying TinyConv...
Task 131: Trying TinyConv...
Task 132: Trying TinyConv...
Task 133: Trying TinyConv...
Task 134: Trying TinyConv...
Task 135: Trying TinyConv...
Task 136: Trying TinyConv...
Task 137: Trying TinyConv...
Task 138: Trying TinyConv...
Task 139: Trying TinyConv...
Task 141: Trying TinyConv...
Task 142: Trying TinyConv...
Task 143: Trying TinyConv...
Task 144: Trying TinyConv...
Task 145: Trying TinyConv...
Task 146: Trying TinyConv...
Task 147: Trying TinyConv...
Task 148: Trying TinyConv...
Task 149: Trying TinyConv...
Task 150: Trying TinyConv...
Task 151: Trying TinyConv...
Task 152: Trying TinyConv...
Task 153: Trying TinyConv...
Task 154: Trying TinyConv...
Task 155: Trying TinyConv...
Task 156: Trying TinyConv...
Task 157: Trying TinyConv...
Task 158: Trying TinyConv...
Task 159: Trying TinyConv...
Task 160: Trying TinyConv...
Task 161: Trying TinyConv...
Task 162: Trying TinyConv...
Task 163: Trying TinyConv...
Task 165: Trying TinyConv...
Task 166: Trying TinyConv...
Task 167: Trying TinyConv...
Task 168: Trying TinyConv...
Task 169: Trying TinyConv...
Task 170: Trying TinyConv...
Task 171: Trying TinyConv...
W0621 19:10:47.364000 850770 site-packages/torch/onnx/_internal/exporter/_compat.py:133] Setting ONNX exporter to use operator set version 18 because the requested opset_version 10 is a lower version than we have implementations for. Automatic version conversion will be performed, which may not be successful at converting to the requested version. If version conversion is unsuccessful, the opset version of the exported model will be kept at 18. Please consider setting opset_version >=18 to leverage latest ONNX features
[torch.onnx] Obtain model graph for `TinyConv([...]` with `torch.export.export(..., strict=False)`...
[torch.onnx] Obtain model graph for `TinyConv([...]` with `torch.export.export(..., strict=False)`... ✅
[torch.onnx] Run decompositions...
/home/jules/.pyenv/versions/3.12.13/lib/python3.12/copyreg.py:99: FutureWarning: `isinstance(treespec, LeafSpec)` is deprecated, use `isinstance(treespec, TreeSpec) and treespec.is_leaf()` instead.
  return cls.__new__(cls, *args)
[torch.onnx] Run decompositions... ✅
[torch.onnx] Translate the graph into ONNX...
[torch.onnx] Translate the graph into ONNX... ✅
The model version conversion is not supported by the onnxscript version converter and fallback is enabled. The model will be converted using the onnx C API (target version: 10).
[torch.onnx] Optimize the ONNX graph...
[torch.onnx] Optimize the ONNX graph... ✅
Model exported to submission/task171.onnx (opset 10 with shape info)
Task 171 SOLVED with TinyConv 3x3
Task 173: Trying TinyConv...
Task 174: Trying TinyConv...
Task 175: Trying TinyConv...
Task 176: Trying TinyConv...
Task 177: Trying TinyConv...
Task 178: Trying TinyConv...
Task 180: Trying TinyConv...
Task 181: Trying TinyConv...
Task 182: Trying TinyConv...
Task 183: Trying TinyConv...
Task 184: Trying TinyConv...
Task 185: Trying TinyConv...
Task 186: Trying TinyConv...
Task 187: Trying TinyConv...
Task 188: Trying TinyConv...
Task 189: Trying TinyConv...
Task 190: Trying TinyConv...
Task 191: Trying TinyConv...
Task 192: Trying TinyConv...
Task 193: Trying TinyConv...
Task 194: Trying TinyConv...
Task 195: Trying TinyConv...
Task 196: Trying TinyConv...
Task 197: Trying TinyConv...
Task 198: Trying TinyConv...
Task 199: Trying TinyConv...
Task 200: Trying TinyConv...
Task 201: Trying TinyConv...
Task 202: Trying TinyConv...
Task 203: Trying TinyConv...
Task 204: Trying TinyConv...
Task 205: Trying TinyConv...
Task 206: Trying TinyConv...
Task 207: Trying TinyConv...
Task 208: Trying TinyConv...
Task 209: Trying TinyConv...
Task 211: Trying TinyConv...
Task 212: Trying TinyConv...
Task 213: Trying TinyConv...
Task 214: Trying TinyConv...
Task 215: Trying TinyConv...
Task 216: Trying TinyConv...
Task 217: Trying TinyConv...
Task 218: Trying TinyConv...
Task 219: Trying TinyConv...
Task 220: Trying TinyConv...
W0621 19:11:33.047000 850770 site-packages/torch/onnx/_internal/exporter/_compat.py:133] Setting ONNX exporter to use operator set version 18 because the requested opset_version 10 is a lower version than we have implementations for. Automatic version conversion will be performed, which may not be successful at converting to the requested version. If version conversion is unsuccessful, the opset version of the exported model will be kept at 18. Please consider setting opset_version >=18 to leverage latest ONNX features
[torch.onnx] Obtain model graph for `TinyConv([...]` with `torch.export.export(..., strict=False)`...
[torch.onnx] Obtain model graph for `TinyConv([...]` with `torch.export.export(..., strict=False)`... ✅
[torch.onnx] Run decompositions...
/home/jules/.pyenv/versions/3.12.13/lib/python3.12/copyreg.py:99: FutureWarning: `isinstance(treespec, LeafSpec)` is deprecated, use `isinstance(treespec, TreeSpec) and treespec.is_leaf()` instead.
  return cls.__new__(cls, *args)
[torch.onnx] Run decompositions... ✅
[torch.onnx] Translate the graph into ONNX...
[torch.onnx] Translate the graph into ONNX... ✅
The model version conversion is not supported by the onnxscript version converter and fallback is enabled. The model will be converted using the onnx C API (target version: 10).
[torch.onnx] Optimize the ONNX graph...
[torch.onnx] Optimize the ONNX graph... ✅
Model exported to submission/task220.onnx (opset 10 with shape info)
Task 220 SOLVED with TinyConv 3x3
Task 221: Trying TinyConv...
Task 222: Trying TinyConv...
Task 224: Trying TinyConv...
Task 225: Trying TinyConv...
Task 226: Trying TinyConv...
Task 227: Trying TinyConv...
Task 228: Trying TinyConv...
Task 229: Trying TinyConv...
Task 230: Trying TinyConv...
W0621 19:11:42.253000 850770 site-packages/torch/onnx/_internal/exporter/_compat.py:133] Setting ONNX exporter to use operator set version 18 because the requested opset_version 10 is a lower version than we have implementations for. Automatic version conversion will be performed, which may not be successful at converting to the requested version. If version conversion is unsuccessful, the opset version of the exported model will be kept at 18. Please consider setting opset_version >=18 to leverage latest ONNX features
[torch.onnx] Obtain model graph for `TinyConv([...]` with `torch.export.export(..., strict=False)`...
[torch.onnx] Obtain model graph for `TinyConv([...]` with `torch.export.export(..., strict=False)`... ✅
[torch.onnx] Run decompositions...
/home/jules/.pyenv/versions/3.12.13/lib/python3.12/copyreg.py:99: FutureWarning: `isinstance(treespec, LeafSpec)` is deprecated, use `isinstance(treespec, TreeSpec) and treespec.is_leaf()` instead.
  return cls.__new__(cls, *args)
[torch.onnx] Run decompositions... ✅
[torch.onnx] Translate the graph into ONNX...
[torch.onnx] Translate the graph into ONNX... ✅
The model version conversion is not supported by the onnxscript version converter and fallback is enabled. The model will be converted using the onnx C API (target version: 10).
[torch.onnx] Optimize the ONNX graph...
[torch.onnx] Optimize the ONNX graph... ✅
Model exported to submission/task230.onnx (opset 10 with shape info)
Task 230 SOLVED with TinyConv 3x3
Task 231: Trying TinyConv...
Task 232: Trying TinyConv...
Task 233: Trying TinyConv...
Task 234: Trying TinyConv...
Task 235: Trying TinyConv...
Task 236: Trying TinyConv...
Task 237: Trying TinyConv...
Task 238: Trying TinyConv...
Task 239: Trying TinyConv...
Task 240: Trying TinyConv...
Task 241: Trying TinyConv...
Task 242: Trying TinyConv...
Task 243: Trying TinyConv...
Task 244: Trying TinyConv...
Task 245: Trying TinyConv...
Task 246: Trying TinyConv...
Task 247: Trying TinyConv...
Task 248: Trying TinyConv...
Task 249: Trying TinyConv...
Task 250: Trying TinyConv...
Task 251: Trying TinyConv...
Task 252: Trying TinyConv...
Task 253: Trying TinyConv...
Task 254: Trying TinyConv...
Task 255: Trying TinyConv...
Task 256: Trying TinyConv...
Task 257: Trying TinyConv...
Task 258: Trying TinyConv...
W0621 19:12:09.350000 850770 site-packages/torch/onnx/_internal/exporter/_compat.py:133] Setting ONNX exporter to use operator set version 18 because the requested opset_version 10 is a lower version than we have implementations for. Automatic version conversion will be performed, which may not be successful at converting to the requested version. If version conversion is unsuccessful, the opset version of the exported model will be kept at 18. Please consider setting opset_version >=18 to leverage latest ONNX features
[torch.onnx] Obtain model graph for `TinyConv([...]` with `torch.export.export(..., strict=False)`...
[torch.onnx] Obtain model graph for `TinyConv([...]` with `torch.export.export(..., strict=False)`... ✅
[torch.onnx] Run decompositions...
/home/jules/.pyenv/versions/3.12.13/lib/python3.12/copyreg.py:99: FutureWarning: `isinstance(treespec, LeafSpec)` is deprecated, use `isinstance(treespec, TreeSpec) and treespec.is_leaf()` instead.
  return cls.__new__(cls, *args)
[torch.onnx] Run decompositions... ✅
[torch.onnx] Translate the graph into ONNX...
[torch.onnx] Translate the graph into ONNX... ✅
The model version conversion is not supported by the onnxscript version converter and fallback is enabled. The model will be converted using the onnx C API (target version: 10).
[torch.onnx] Optimize the ONNX graph...
[torch.onnx] Optimize the ONNX graph... ✅
Model exported to submission/task258.onnx (opset 10 with shape info)
Task 258 SOLVED with TinyConv 3x3
Task 259: Trying TinyConv...
Task 260: Trying TinyConv...
Task 261: Trying TinyConv...
W0621 19:12:12.860000 850770 site-packages/torch/onnx/_internal/exporter/_compat.py:133] Setting ONNX exporter to use operator set version 18 because the requested opset_version 10 is a lower version than we have implementations for. Automatic version conversion will be performed, which may not be successful at converting to the requested version. If version conversion is unsuccessful, the opset version of the exported model will be kept at 18. Please consider setting opset_version >=18 to leverage latest ONNX features
[torch.onnx] Obtain model graph for `TinyConv([...]` with `torch.export.export(..., strict=False)`...
[torch.onnx] Obtain model graph for `TinyConv([...]` with `torch.export.export(..., strict=False)`... ✅
[torch.onnx] Run decompositions...
/home/jules/.pyenv/versions/3.12.13/lib/python3.12/copyreg.py:99: FutureWarning: `isinstance(treespec, LeafSpec)` is deprecated, use `isinstance(treespec, TreeSpec) and treespec.is_leaf()` instead.
  return cls.__new__(cls, *args)
[torch.onnx] Run decompositions... ✅
[torch.onnx] Translate the graph into ONNX...
[torch.onnx] Translate the graph into ONNX... ✅
The model version conversion is not supported by the onnxscript version converter and fallback is enabled. The model will be converted using the onnx C API (target version: 10).
[torch.onnx] Optimize the ONNX graph...
[torch.onnx] Optimize the ONNX graph... ✅
Model exported to submission/task261.onnx (opset 10 with shape info)
Task 261 SOLVED with TinyConv 3x3
Task 262: Trying TinyConv...
Task 263: Trying TinyConv...
Task 264: Trying TinyConv...
Task 265: Trying TinyConv...
Task 266: Trying TinyConv...
Task 267: Trying TinyConv...
Task 268: Trying TinyConv...
Task 269: Trying TinyConv...
Task 270: Trying TinyConv...
Task 271: Trying TinyConv...
Task 272: Trying TinyConv...
Task 273: Trying TinyConv...
Task 274: Trying TinyConv...
Task 275: Trying TinyConv...
Task 277: Trying TinyConv...
Task 278: Trying TinyConv...
Task 279: Trying TinyConv...
Task 280: Trying TinyConv...
Task 281: Trying TinyConv...
Task 282: Trying TinyConv...
W0621 19:12:32.515000 850770 site-packages/torch/onnx/_internal/exporter/_compat.py:133] Setting ONNX exporter to use operator set version 18 because the requested opset_version 10 is a lower version than we have implementations for. Automatic version conversion will be performed, which may not be successful at converting to the requested version. If version conversion is unsuccessful, the opset version of the exported model will be kept at 18. Please consider setting opset_version >=18 to leverage latest ONNX features
[torch.onnx] Obtain model graph for `TinyConv([...]` with `torch.export.export(..., strict=False)`...
[torch.onnx] Obtain model graph for `TinyConv([...]` with `torch.export.export(..., strict=False)`... ✅
[torch.onnx] Run decompositions...
/home/jules/.pyenv/versions/3.12.13/lib/python3.12/copyreg.py:99: FutureWarning: `isinstance(treespec, LeafSpec)` is deprecated, use `isinstance(treespec, TreeSpec) and treespec.is_leaf()` instead.
  return cls.__new__(cls, *args)
[torch.onnx] Run decompositions... ✅
[torch.onnx] Translate the graph into ONNX...
[torch.onnx] Translate the graph into ONNX... ✅
The model version conversion is not supported by the onnxscript version converter and fallback is enabled. The model will be converted using the onnx C API (target version: 10).
[torch.onnx] Optimize the ONNX graph...
[torch.onnx] Optimize the ONNX graph... ✅
Model exported to submission/task282.onnx (opset 10 with shape info)
Task 282 SOLVED with TinyConv 3x3
Task 283: Trying TinyConv...
Task 284: Trying TinyConv...
Task 285: Trying TinyConv...
Task 286: Trying TinyConv...
Task 287: Trying TinyConv...
Task 288: Trying TinyConv...
Task 289: Trying TinyConv...
Task 290: Trying TinyConv...
Task 291: Trying TinyConv...
Task 292: Trying TinyConv...
Task 293: Trying TinyConv...
Task 294: Trying TinyConv...
Task 295: Trying TinyConv...
Task 296: Trying TinyConv...
Task 297: Trying TinyConv...
Task 298: Trying TinyConv...
Task 299: Trying TinyConv...
Task 300: Trying TinyConv...
Task 301: Trying TinyConv...
Task 302: Trying TinyConv...
Task 303: Trying TinyConv...
Task 304: Trying TinyConv...
Task 305: Trying TinyConv...
Task 306: Trying TinyConv...
Task 307: Trying TinyConv...
Task 308: Trying TinyConv...
Task 310: Trying TinyConv...
Task 312: Trying TinyConv...
Task 313: Trying TinyConv...
Task 314: Trying TinyConv...
Task 315: Trying TinyConv...
Task 316: Trying TinyConv...
Task 317: Trying TinyConv...
W0621 19:13:04.461000 850770 site-packages/torch/onnx/_internal/exporter/_compat.py:133] Setting ONNX exporter to use operator set version 18 because the requested opset_version 10 is a lower version than we have implementations for. Automatic version conversion will be performed, which may not be successful at converting to the requested version. If version conversion is unsuccessful, the opset version of the exported model will be kept at 18. Please consider setting opset_version >=18 to leverage latest ONNX features
[torch.onnx] Obtain model graph for `TinyConv([...]` with `torch.export.export(..., strict=False)`...
[torch.onnx] Obtain model graph for `TinyConv([...]` with `torch.export.export(..., strict=False)`... ✅
[torch.onnx] Run decompositions...
/home/jules/.pyenv/versions/3.12.13/lib/python3.12/copyreg.py:99: FutureWarning: `isinstance(treespec, LeafSpec)` is deprecated, use `isinstance(treespec, TreeSpec) and treespec.is_leaf()` instead.
  return cls.__new__(cls, *args)
[torch.onnx] Run decompositions... ✅
[torch.onnx] Translate the graph into ONNX...
[torch.onnx] Translate the graph into ONNX... ✅
The model version conversion is not supported by the onnxscript version converter and fallback is enabled. The model will be converted using the onnx C API (target version: 10).
[torch.onnx] Optimize the ONNX graph...
[torch.onnx] Optimize the ONNX graph... ✅
Model exported to submission/task317.onnx (opset 10 with shape info)
Task 317 SOLVED with TinyConv 3x3
Task 318: Trying TinyConv...
Task 319: Trying TinyConv...
Task 320: Trying TinyConv...
Task 321: Trying TinyConv...
Task 322: Trying TinyConv...
Task 323: Trying TinyConv...
Task 324: Trying TinyConv...
Task 325: Trying TinyConv...
Task 327: Trying TinyConv...
Task 328: Trying TinyConv...
Task 329: Trying TinyConv...
Task 330: Trying TinyConv...
Task 331: Trying TinyConv...
Task 332: Trying TinyConv...
Task 333: Trying TinyConv...
Task 334: Trying TinyConv...
Task 335: Trying TinyConv...
Task 336: Trying TinyConv...
Task 338: Trying TinyConv...
Task 339: Trying TinyConv...
Task 340: Trying TinyConv...
Task 341: Trying TinyConv...
Task 342: Trying TinyConv...
Task 343: Trying TinyConv...
Task 344: Trying TinyConv...
Task 345: Trying TinyConv...
Task 346: Trying TinyConv...
Task 347: Trying TinyConv...
Task 348: Trying TinyConv...
Task 349: Trying TinyConv...
Task 350: Trying TinyConv...
Task 351: Trying TinyConv...
Task 352: Trying TinyConv...
Task 353: Trying TinyConv...
Task 354: Trying TinyConv...
Task 355: Trying TinyConv...
Task 356: Trying TinyConv...
Task 357: Trying TinyConv...
Task 358: Trying TinyConv...
Task 359: Trying TinyConv...
Task 360: Trying TinyConv...
Task 361: Trying TinyConv...
Task 362: Trying TinyConv...
Task 363: Trying TinyConv...
Task 364: Trying TinyConv...
Task 365: Trying TinyConv...
Task 366: Trying TinyConv...
Task 367: Trying TinyConv...
Task 368: Trying TinyConv...
Task 369: Trying TinyConv...
Task 370: Trying TinyConv...
Task 371: Trying TinyConv...
Task 372: Trying TinyConv...
Task 373: Trying TinyConv...
Task 374: Trying TinyConv...
Task 375: Trying TinyConv...
Task 376: Trying TinyConv...
Task 377: Trying TinyConv...
Task 378: Trying TinyConv...
Task 379: Trying TinyConv...
Task 381: Trying TinyConv...
Task 382: Trying TinyConv...
Task 383: Trying TinyConv...
Task 384: Trying TinyConv...
Task 386: Trying TinyConv...
Task 387: Trying TinyConv...
Task 388: Trying TinyConv...
Task 389: Trying TinyConv...
Task 390: Trying TinyConv...
Task 391: Trying TinyConv...
Task 392: Trying TinyConv...
Task 393: Trying TinyConv...
Task 394: Trying TinyConv...
Task 395: Trying TinyConv...
Task 396: Trying TinyConv...
Task 397: Trying TinyConv...
Task 398: Trying TinyConv...
Task 399: Trying TinyConv...
Task 400: Trying TinyConv...
